#14 0x0806b546 in main (argc=5, argv=0xffb0c144) at src/compact_main.c:1404
===========================================================


#14 0x0806b546 in main (argc=5, argv=0xff89a3f4) at src/compact_main.c:1404
===========================================================


#14 0x0806b546 in main (argc=5, argv=0xfff4bb84) at src/compact_main.c:1404
===========================================================


#14 0x0806b546 in main (argc=5, argv=0xfff7a6a4) at src/compact_main.c:1404
===========================================================


#14 0x0806b546 in main (argc=5, argv=0xff81db64) at src/compact_main.c:1404
===========================================================


#14 0x0806b546 in main (argc=5, argv=0xffa41774) at src/compact_main.c:1404
===========================================================


#14 0x0806b546 in main (argc=5, argv=0xffd44644) at src/compact_main.c:1404
===========================================================


#14 0x0806b546 in main (argc=5, argv=0xfffa5ce4) at src/compact_main.c:1404
===========================================================


#14 0x0806b546 in main (argc=5, argv=0xffd64884) at src/compact_main.c:1404
===========================================================


#14 0x0806b546 in main (argc=5, argv=0xffdef324) at src/compact_main.c:1404
===========================================================


