*COmPACT* (Thu Dec  4 22:54:29 2014) -   Number of SCMP events read : 98782741
*COmPACT* (Thu Dec  4 22:54:29 2014) -   Number of SMC  events read :        0
*COmPACT* (Thu Dec  4 22:54:29 2014) -   Number of HCMP events read :        0
*COmPACT* (Thu Dec  4 22:54:29 2014) - ******************************************
*COmPACT* (Fri Dec  5 01:16:53 2014) -   Number of SCMP events read :123654004
*COmPACT* (Fri Dec  5 01:16:53 2014) -   Number of SMC  events read :        0
*COmPACT* (Fri Dec  5 01:16:53 2014) -   Number of HCMP events read :        0
*COmPACT* (Fri Dec  5 01:16:53 2014) - ******************************************
*COmPACT* (Fri Dec  5 10:24:29 2014) -   Number of SCMP events read :121179084
*COmPACT* (Fri Dec  5 10:24:29 2014) -   Number of SMC  events read :        0
*COmPACT* (Fri Dec  5 10:24:29 2014) -   Number of HCMP events read :        0
*COmPACT* (Fri Dec  5 10:24:29 2014) - ******************************************
*COmPACT* (Fri Dec  5 02:11:27 2014) -   Number of SCMP events read :130590591
*COmPACT* (Fri Dec  5 02:11:27 2014) -   Number of SMC  events read :        0
*COmPACT* (Fri Dec  5 02:11:27 2014) -   Number of HCMP events read :        0
*COmPACT* (Fri Dec  5 02:11:27 2014) - ******************************************
*COmPACT* (Fri Dec  5 02:43:46 2014) -   Number of SCMP events read :121351339
*COmPACT* (Fri Dec  5 02:43:46 2014) -   Number of SMC  events read :        0
*COmPACT* (Fri Dec  5 02:43:46 2014) -   Number of HCMP events read :        0
*COmPACT* (Fri Dec  5 02:43:46 2014) - ******************************************
*COmPACT* (Fri Dec  5 03:10:23 2014) -   Number of SCMP events read :124207966
*COmPACT* (Fri Dec  5 03:10:23 2014) -   Number of SMC  events read :        0
*COmPACT* (Fri Dec  5 03:10:23 2014) -   Number of HCMP events read :        0
*COmPACT* (Fri Dec  5 03:10:23 2014) - ******************************************
*COmPACT* (Sat Dec  6 05:53:59 2014) -   Number of SCMP events read :129273616
*COmPACT* (Sat Dec  6 05:53:59 2014) -   Number of SMC  events read :        0
*COmPACT* (Sat Dec  6 05:53:59 2014) -   Number of HCMP events read :        0
*COmPACT* (Sat Dec  6 05:53:59 2014) - ******************************************
*COmPACT* (Fri Dec  5 04:25:33 2014) -   Number of SCMP events read :126564429
*COmPACT* (Fri Dec  5 04:25:33 2014) -   Number of SMC  events read :        0
*COmPACT* (Fri Dec  5 04:25:33 2014) -   Number of HCMP events read :        0
*COmPACT* (Fri Dec  5 04:25:33 2014) - ******************************************
*COmPACT* (Fri Dec  5 03:32:41 2014) -   Number of SCMP events read :132002755
*COmPACT* (Fri Dec  5 03:32:41 2014) -   Number of SMC  events read :        0
*COmPACT* (Fri Dec  5 03:32:41 2014) -   Number of HCMP events read :        0
*COmPACT* (Fri Dec  5 03:32:41 2014) - ******************************************
*COmPACT* (Fri Dec  5 11:34:55 2014) -   Number of SCMP events read :125443854
*COmPACT* (Fri Dec  5 11:34:55 2014) -   Number of SMC  events read :        0
*COmPACT* (Fri Dec  5 11:34:55 2014) -   Number of HCMP events read :        0
*COmPACT* (Fri Dec  5 11:34:55 2014) - ******************************************
*COmPACT* (Fri Dec  5 09:47:40 2014) -   Number of SCMP events read :133477512
*COmPACT* (Fri Dec  5 09:47:40 2014) -   Number of SMC  events read :        0
*COmPACT* (Fri Dec  5 09:47:40 2014) -   Number of HCMP events read :        0
*COmPACT* (Fri Dec  5 09:47:40 2014) - ******************************************
*COmPACT* (Thu Dec  4 20:37:28 2014) -   Number of SCMP events read : 83776513
*COmPACT* (Thu Dec  4 20:37:28 2014) -   Number of SMC  events read :        0
*COmPACT* (Thu Dec  4 20:37:28 2014) -   Number of HCMP events read :        0
*COmPACT* (Thu Dec  4 20:37:28 2014) - ******************************************
*COmPACT* (Fri Dec  5 08:05:26 2014) -   Number of SCMP events read :129735200
*COmPACT* (Fri Dec  5 08:05:26 2014) -   Number of SMC  events read :        0
*COmPACT* (Fri Dec  5 08:05:26 2014) -   Number of HCMP events read :        0
*COmPACT* (Fri Dec  5 08:05:26 2014) - ******************************************
*COmPACT* (Fri Dec  5 04:06:48 2014) -   Number of SCMP events read :131816839
*COmPACT* (Fri Dec  5 04:06:48 2014) -   Number of SMC  events read :        0
*COmPACT* (Fri Dec  5 04:06:48 2014) -   Number of HCMP events read :        0
*COmPACT* (Fri Dec  5 04:06:48 2014) - ******************************************
*COmPACT* (Fri Dec  5 03:09:55 2014) -   Number of SCMP events read :132107426
*COmPACT* (Fri Dec  5 03:09:55 2014) -   Number of SMC  events read :        0
*COmPACT* (Fri Dec  5 03:09:55 2014) -   Number of HCMP events read :        0
*COmPACT* (Fri Dec  5 03:09:55 2014) - ******************************************
*COmPACT* (Fri Dec  5 01:32:24 2014) -   Number of SCMP events read :136174792
*COmPACT* (Fri Dec  5 01:32:24 2014) -   Number of SMC  events read :        0
*COmPACT* (Fri Dec  5 01:32:24 2014) -   Number of HCMP events read :        0
*COmPACT* (Fri Dec  5 01:32:24 2014) - ******************************************
*COmPACT* (Fri Dec  5 04:05:57 2014) -   Number of SCMP events read :128978790
*COmPACT* (Fri Dec  5 04:05:57 2014) -   Number of SMC  events read :        0
*COmPACT* (Fri Dec  5 04:05:57 2014) -   Number of HCMP events read :        0
*COmPACT* (Fri Dec  5 04:05:57 2014) - ******************************************
*COmPACT* (Fri Dec  5 07:00:34 2014) -   Number of SCMP events read :133614819
*COmPACT* (Fri Dec  5 07:00:34 2014) -   Number of SMC  events read :        0
*COmPACT* (Fri Dec  5 07:00:34 2014) -   Number of HCMP events read :        0
*COmPACT* (Fri Dec  5 07:00:34 2014) - ******************************************
*COmPACT* (Fri Dec  5 01:30:26 2014) -   Number of SCMP events read :117032879
*COmPACT* (Fri Dec  5 01:30:26 2014) -   Number of SMC  events read :        0
*COmPACT* (Fri Dec  5 01:30:26 2014) -   Number of HCMP events read :        0
*COmPACT* (Fri Dec  5 01:30:26 2014) - ******************************************
*COmPACT* (Sat Dec  6 02:15:36 2014) -   Number of SCMP events read :119289350
*COmPACT* (Sat Dec  6 02:15:36 2014) -   Number of SMC  events read :        0
*COmPACT* (Sat Dec  6 02:15:36 2014) -   Number of HCMP events read :        0
*COmPACT* (Sat Dec  6 02:15:36 2014) - ******************************************
*COmPACT* (Fri Dec  5 11:39:13 2014) -   Number of SCMP events read :128688230
*COmPACT* (Fri Dec  5 11:39:13 2014) -   Number of SMC  events read :        0
*COmPACT* (Fri Dec  5 11:39:13 2014) -   Number of HCMP events read :        0
*COmPACT* (Fri Dec  5 11:39:13 2014) - ******************************************
*COmPACT* (Fri Dec  5 02:47:30 2014) -   Number of SCMP events read :132731573
*COmPACT* (Fri Dec  5 02:47:30 2014) -   Number of SMC  events read :        0
*COmPACT* (Fri Dec  5 02:47:30 2014) -   Number of HCMP events read :        0
*COmPACT* (Fri Dec  5 02:47:30 2014) - ******************************************
*COmPACT* (Sat Dec  6 10:25:23 2014) -   Number of SCMP events read :137290912
*COmPACT* (Sat Dec  6 10:25:23 2014) -   Number of SMC  events read :        0
*COmPACT* (Sat Dec  6 10:25:23 2014) -   Number of HCMP events read :        0
*COmPACT* (Sat Dec  6 10:25:23 2014) - ******************************************
*COmPACT* (Fri Dec  5 06:24:22 2014) -   Number of SCMP events read :124641318
*COmPACT* (Fri Dec  5 06:24:22 2014) -   Number of SMC  events read :        0
*COmPACT* (Fri Dec  5 06:24:22 2014) -   Number of HCMP events read :        0
*COmPACT* (Fri Dec  5 06:24:22 2014) - ******************************************
*COmPACT* (Thu Dec  4 22:28:19 2014) -   Number of SCMP events read : 88199539
*COmPACT* (Thu Dec  4 22:28:19 2014) -   Number of SMC  events read :        0
*COmPACT* (Thu Dec  4 22:28:19 2014) -   Number of HCMP events read :        0
*COmPACT* (Thu Dec  4 22:28:19 2014) - ******************************************
*COmPACT* (Sat Dec  6 10:01:41 2014) -   Number of SCMP events read :122895892
*COmPACT* (Sat Dec  6 10:01:41 2014) -   Number of SMC  events read :        0
*COmPACT* (Sat Dec  6 10:01:41 2014) -   Number of HCMP events read :        0
*COmPACT* (Sat Dec  6 10:01:41 2014) - ******************************************
*COmPACT* (Sat Dec  6 09:46:30 2014) -   Number of SCMP events read : 97091456
*COmPACT* (Sat Dec  6 09:46:30 2014) -   Number of SMC  events read :        0
*COmPACT* (Sat Dec  6 09:46:30 2014) -   Number of HCMP events read :        0
*COmPACT* (Sat Dec  6 09:46:30 2014) - ******************************************
*COmPACT* (Fri Dec  5 00:49:00 2014) -   Number of SCMP events read :111400947
*COmPACT* (Fri Dec  5 00:49:00 2014) -   Number of SMC  events read :        0
*COmPACT* (Fri Dec  5 00:49:00 2014) -   Number of HCMP events read :        0
*COmPACT* (Fri Dec  5 00:49:00 2014) - ******************************************
*COmPACT* (Fri Dec  5 01:37:36 2014) -   Number of SCMP events read :114710930
*COmPACT* (Fri Dec  5 01:37:36 2014) -   Number of SMC  events read :        0
*COmPACT* (Fri Dec  5 01:37:36 2014) -   Number of HCMP events read :        0
*COmPACT* (Fri Dec  5 01:37:36 2014) - ******************************************
*COmPACT* (Fri Dec  5 03:47:58 2014) -   Number of SCMP events read :126124310
*COmPACT* (Fri Dec  5 03:47:58 2014) -   Number of SMC  events read :        0
*COmPACT* (Fri Dec  5 03:47:58 2014) -   Number of HCMP events read :        0
*COmPACT* (Fri Dec  5 03:47:58 2014) - ******************************************
*COmPACT* (Fri Dec  5 03:11:26 2014) -   Number of SCMP events read :119424709
*COmPACT* (Fri Dec  5 03:11:26 2014) -   Number of SMC  events read :        0
*COmPACT* (Fri Dec  5 03:11:26 2014) -   Number of HCMP events read :        0
*COmPACT* (Fri Dec  5 03:11:26 2014) - ******************************************
*COmPACT* (Fri Dec  5 02:33:10 2014) -   Number of SCMP events read :116367546
*COmPACT* (Fri Dec  5 02:33:10 2014) -   Number of SMC  events read :        0
*COmPACT* (Fri Dec  5 02:33:10 2014) -   Number of HCMP events read :        0
*COmPACT* (Fri Dec  5 02:33:10 2014) - ******************************************
*COmPACT* (Thu Dec  4 21:59:48 2014) -   Number of SCMP events read :115130603
*COmPACT* (Thu Dec  4 21:59:48 2014) -   Number of SMC  events read :        0
*COmPACT* (Thu Dec  4 21:59:48 2014) -   Number of HCMP events read :        0
*COmPACT* (Thu Dec  4 21:59:48 2014) - ******************************************
*COmPACT* (Fri Dec  5 00:28:54 2014) -   Number of SCMP events read :123786314
*COmPACT* (Fri Dec  5 00:28:54 2014) -   Number of SMC  events read :        0
*COmPACT* (Fri Dec  5 00:28:54 2014) -   Number of HCMP events read :        0
*COmPACT* (Fri Dec  5 00:28:54 2014) - ******************************************
*COmPACT* (Sat Dec  6 06:41:48 2014) -   Number of SCMP events read :116701893
*COmPACT* (Sat Dec  6 06:41:48 2014) -   Number of SMC  events read :        0
*COmPACT* (Sat Dec  6 06:41:48 2014) -   Number of HCMP events read :        0
*COmPACT* (Sat Dec  6 06:41:48 2014) - ******************************************
*COmPACT* (Fri Dec  5 03:36:48 2014) -   Number of SCMP events read :124706107
*COmPACT* (Fri Dec  5 03:36:48 2014) -   Number of SMC  events read :        0
*COmPACT* (Fri Dec  5 03:36:48 2014) -   Number of HCMP events read :        0
*COmPACT* (Fri Dec  5 03:36:48 2014) - ******************************************
*COmPACT* (Fri Dec  5 01:31:41 2014) -   Number of SCMP events read :126840832
*COmPACT* (Fri Dec  5 01:31:41 2014) -   Number of SMC  events read :        0
*COmPACT* (Fri Dec  5 01:31:41 2014) -   Number of HCMP events read :        0
*COmPACT* (Fri Dec  5 01:31:41 2014) - ******************************************
*COmPACT* (Fri Dec  5 03:21:37 2014) -   Number of SCMP events read :129526009
*COmPACT* (Fri Dec  5 03:21:37 2014) -   Number of SMC  events read :        0
*COmPACT* (Fri Dec  5 03:21:37 2014) -   Number of HCMP events read :        0
*COmPACT* (Fri Dec  5 03:21:37 2014) - ******************************************
*COmPACT* (Fri Dec  5 03:38:17 2014) -   Number of SCMP events read :124527473
*COmPACT* (Fri Dec  5 03:38:17 2014) -   Number of SMC  events read :        0
*COmPACT* (Fri Dec  5 03:38:17 2014) -   Number of HCMP events read :        0
*COmPACT* (Fri Dec  5 03:38:17 2014) - ******************************************
*COmPACT* (Fri Dec  5 01:52:46 2014) -   Number of SCMP events read :134189470
*COmPACT* (Fri Dec  5 01:52:46 2014) -   Number of SMC  events read :        0
*COmPACT* (Fri Dec  5 01:52:46 2014) -   Number of HCMP events read :        0
*COmPACT* (Fri Dec  5 01:52:46 2014) - ******************************************
*COmPACT* (Fri Dec  5 02:42:44 2014) -   Number of SCMP events read :134845175
*COmPACT* (Fri Dec  5 02:42:44 2014) -   Number of SMC  events read :        0
*COmPACT* (Fri Dec  5 02:42:44 2014) -   Number of HCMP events read :        0
*COmPACT* (Fri Dec  5 02:42:44 2014) - ******************************************
*COmPACT* (Fri Dec  5 01:40:42 2014) -   Number of SCMP events read :123733561
*COmPACT* (Fri Dec  5 01:40:42 2014) -   Number of SMC  events read :        0
*COmPACT* (Fri Dec  5 01:40:42 2014) -   Number of HCMP events read :        0
*COmPACT* (Fri Dec  5 01:40:42 2014) - ******************************************
*COmPACT* (Fri Dec  5 07:20:37 2014) -   Number of SCMP events read :129781552
*COmPACT* (Fri Dec  5 07:20:37 2014) -   Number of SMC  events read :        0
*COmPACT* (Fri Dec  5 07:20:37 2014) -   Number of HCMP events read :        0
*COmPACT* (Fri Dec  5 07:20:37 2014) - ******************************************
*COmPACT* (Fri Dec  5 03:35:36 2014) -   Number of SCMP events read :134109380
*COmPACT* (Fri Dec  5 03:35:36 2014) -   Number of SMC  events read :        0
*COmPACT* (Fri Dec  5 03:35:36 2014) -   Number of HCMP events read :        0
*COmPACT* (Fri Dec  5 03:35:36 2014) - ******************************************
*COmPACT* (Fri Dec  5 03:31:24 2014) -   Number of SCMP events read :131586261
*COmPACT* (Fri Dec  5 03:31:24 2014) -   Number of SMC  events read :        0
*COmPACT* (Fri Dec  5 03:31:24 2014) -   Number of HCMP events read :        0
*COmPACT* (Fri Dec  5 03:31:24 2014) - ******************************************
*COmPACT* (Fri Dec  5 04:08:46 2014) -   Number of SCMP events read :130380652
*COmPACT* (Fri Dec  5 04:08:46 2014) -   Number of SMC  events read :        0
*COmPACT* (Fri Dec  5 04:08:46 2014) -   Number of HCMP events read :        0
*COmPACT* (Fri Dec  5 04:08:46 2014) - ******************************************
*COmPACT* (Fri Dec  5 01:34:32 2014) -   Number of SCMP events read :127914795
*COmPACT* (Fri Dec  5 01:34:32 2014) -   Number of SMC  events read :        0
*COmPACT* (Fri Dec  5 01:34:32 2014) -   Number of HCMP events read :        0
*COmPACT* (Fri Dec  5 01:34:32 2014) - ******************************************
*COmPACT* (Fri Dec  5 04:10:48 2014) -   Number of SCMP events read :131708374
*COmPACT* (Fri Dec  5 04:10:48 2014) -   Number of SMC  events read :        0
*COmPACT* (Fri Dec  5 04:10:48 2014) -   Number of HCMP events read :        0
*COmPACT* (Fri Dec  5 04:10:48 2014) - ******************************************
*COmPACT* (Fri Dec  5 04:00:21 2014) -   Number of SCMP events read :133624152
*COmPACT* (Fri Dec  5 04:00:21 2014) -   Number of SMC  events read :        0
*COmPACT* (Fri Dec  5 04:00:21 2014) -   Number of HCMP events read :        0
*COmPACT* (Fri Dec  5 04:00:21 2014) - ******************************************
*COmPACT* (Fri Dec  5 02:18:40 2014) -   Number of SCMP events read :136306145
*COmPACT* (Fri Dec  5 02:18:40 2014) -   Number of SMC  events read :        0
*COmPACT* (Fri Dec  5 02:18:40 2014) -   Number of HCMP events read :        0
*COmPACT* (Fri Dec  5 02:18:40 2014) - ******************************************
*COmPACT* (Fri Dec  5 07:16:53 2014) -   Number of SCMP events read :138466164
*COmPACT* (Fri Dec  5 07:16:53 2014) -   Number of SMC  events read :        0
*COmPACT* (Fri Dec  5 07:16:53 2014) -   Number of HCMP events read :        0
*COmPACT* (Fri Dec  5 07:16:53 2014) - ******************************************
*COmPACT* (Thu Dec  4 23:21:00 2014) -   Number of SCMP events read :126748142
*COmPACT* (Thu Dec  4 23:21:00 2014) -   Number of SMC  events read :        0
*COmPACT* (Thu Dec  4 23:21:00 2014) -   Number of HCMP events read :        0
*COmPACT* (Thu Dec  4 23:21:00 2014) - ******************************************
*COmPACT* (Thu Dec  4 20:15:14 2014) -   Number of SCMP events read : 45361722
*COmPACT* (Thu Dec  4 20:15:14 2014) -   Number of SMC  events read :        0
*COmPACT* (Thu Dec  4 20:15:14 2014) -   Number of HCMP events read :        0
*COmPACT* (Thu Dec  4 20:15:14 2014) - ******************************************
*COmPACT* (Fri Dec  5 03:41:16 2014) -   Number of SCMP events read :142576481
*COmPACT* (Fri Dec  5 03:41:16 2014) -   Number of SMC  events read :        0
*COmPACT* (Fri Dec  5 03:41:16 2014) -   Number of HCMP events read :        0
*COmPACT* (Fri Dec  5 03:41:16 2014) - ******************************************
*COmPACT* (Thu Dec  4 22:12:10 2014) -   Number of SCMP events read :129383875
*COmPACT* (Thu Dec  4 22:12:10 2014) -   Number of SMC  events read :        0
*COmPACT* (Thu Dec  4 22:12:10 2014) -   Number of HCMP events read :        0
*COmPACT* (Thu Dec  4 22:12:10 2014) - ******************************************
*COmPACT* (Thu Dec  4 22:17:55 2014) -   Number of SCMP events read :117165774
*COmPACT* (Thu Dec  4 22:17:55 2014) -   Number of SMC  events read :        0
*COmPACT* (Thu Dec  4 22:17:55 2014) -   Number of HCMP events read :        0
*COmPACT* (Thu Dec  4 22:17:55 2014) - ******************************************
*COmPACT* (Fri Dec  5 04:59:00 2014) -   Number of SCMP events read :126381014
*COmPACT* (Fri Dec  5 04:59:00 2014) -   Number of SMC  events read :        0
*COmPACT* (Fri Dec  5 04:59:00 2014) -   Number of HCMP events read :        0
*COmPACT* (Fri Dec  5 04:59:00 2014) - ******************************************
*COmPACT* (Fri Dec  5 04:27:50 2014) -   Number of SCMP events read :130984722
*COmPACT* (Fri Dec  5 04:27:50 2014) -   Number of SMC  events read :        0
*COmPACT* (Fri Dec  5 04:27:50 2014) -   Number of HCMP events read :        0
*COmPACT* (Fri Dec  5 04:27:50 2014) - ******************************************
*COmPACT* (Fri Dec  5 10:22:27 2014) -   Number of SCMP events read :140085020
*COmPACT* (Fri Dec  5 10:22:27 2014) -   Number of SMC  events read :        0
*COmPACT* (Fri Dec  5 10:22:27 2014) -   Number of HCMP events read :        0
*COmPACT* (Fri Dec  5 10:22:27 2014) - ******************************************
*COmPACT* (Fri Dec  5 04:47:56 2014) -   Number of SCMP events read :136099717
*COmPACT* (Fri Dec  5 04:47:56 2014) -   Number of SMC  events read :        0
*COmPACT* (Fri Dec  5 04:47:56 2014) -   Number of HCMP events read :        0
*COmPACT* (Fri Dec  5 04:47:56 2014) - ******************************************
*COmPACT* (Fri Dec  5 03:20:37 2014) -   Number of SCMP events read :129723732
*COmPACT* (Fri Dec  5 03:20:37 2014) -   Number of SMC  events read :        0
*COmPACT* (Fri Dec  5 03:20:37 2014) -   Number of HCMP events read :        0
*COmPACT* (Fri Dec  5 03:20:37 2014) - ******************************************
*COmPACT* (Fri Dec  5 00:30:29 2014) -   Number of SCMP events read :142114288
*COmPACT* (Fri Dec  5 00:30:29 2014) -   Number of SMC  events read :        0
*COmPACT* (Fri Dec  5 00:30:29 2014) -   Number of HCMP events read :        0
*COmPACT* (Fri Dec  5 00:30:29 2014) - ******************************************
*COmPACT* (Fri Dec  5 06:34:08 2014) -   Number of SCMP events read :137774462
*COmPACT* (Fri Dec  5 06:34:08 2014) -   Number of SMC  events read :        0
*COmPACT* (Fri Dec  5 06:34:08 2014) -   Number of HCMP events read :        0
*COmPACT* (Fri Dec  5 06:34:08 2014) - ******************************************
*COmPACT* (Fri Dec  5 04:00:26 2014) -   Number of SCMP events read :129968998
*COmPACT* (Fri Dec  5 04:00:26 2014) -   Number of SMC  events read :        0
*COmPACT* (Fri Dec  5 04:00:26 2014) -   Number of HCMP events read :        0
*COmPACT* (Fri Dec  5 04:00:26 2014) - ******************************************
*COmPACT* (Fri Dec  5 05:50:04 2014) -   Number of SCMP events read :140188133
*COmPACT* (Fri Dec  5 05:50:04 2014) -   Number of SMC  events read :        0
*COmPACT* (Fri Dec  5 05:50:04 2014) -   Number of HCMP events read :        0
*COmPACT* (Fri Dec  5 05:50:04 2014) - ******************************************
*COmPACT* (Sat Dec  6 04:21:31 2014) -   Number of SCMP events read :133373728
*COmPACT* (Sat Dec  6 04:21:31 2014) -   Number of SMC  events read :        0
*COmPACT* (Sat Dec  6 04:21:31 2014) -   Number of HCMP events read :        0
*COmPACT* (Sat Dec  6 04:21:31 2014) - ******************************************
*COmPACT* (Thu Dec  4 22:59:04 2014) -   Number of SCMP events read :119352572
*COmPACT* (Thu Dec  4 22:59:04 2014) -   Number of SMC  events read :        0
*COmPACT* (Thu Dec  4 22:59:04 2014) -   Number of HCMP events read :        0
*COmPACT* (Thu Dec  4 22:59:04 2014) - ******************************************
